// Jest Snapshot v1, https://goo.gl/fbAQLP

exports[`renders Header.js correctly 1`] = `
<header>
  <h1>
    Horned Beasts Below!
  </h1>
  <h3>
    filter to find the right horn for you.
  </h3>
</header>
`;
