// Jest Snapshot v1, https://goo.gl/fbAQLP

exports[`renders ImageList.js correctly 1`] = `
<section>
  <select
    className="item-filter"
    onChange={[Function]}
  >
    <option
      defaultValue={true}
      value=""
    >
      See All
    </option>
    <option
      value="narwhal"
    >
      Narwhal
    </option>
    <option
      value="rhino"
    >
      Rhino
    </option>
    <option
      value="unicorn"
    >
      Unicorn
    </option>
    <option
      value="unilego"
    >
      Unilego
    </option>
    <option
      value="triceratops"
    >
      triceratops
    </option>
    <option
      value="markhor"
    >
      Markhor
    </option>
    <option
      value="mouflon"
    >
      Mouflon
    </option>
    <option
      value="addax"
    >
      Addax
    </option>
    <option
      value="chameleon"
    >
      Chameleon
    </option>
    <option
      value="dragon"
    >
      Dragon
    </option>
  </select>
  <ul
    className="list"
  >
    <li
      className="item"
    >
      <em>
        category: 
        narwhal
      </em>
      <h2>
        UniWhal
      </h2>
      <img
        alt="A unicorn and a narwhal nuzzling their horns"
        src="http://3.bp.blogspot.com/_DBYF1AdFaHw/TE-f0cDQ24I/AAAAAAAACZg/l-FdTZ6M7z8/s1600/Unicorn_and_Narwhal_by_dinglehopper.jpg"
      />
      <p>
        horns: 
        1
      </p>
    </li>
    <li
      className="item"
    >
      <em>
        category: 
        rhino
      </em>
      <h2>
        Rhino Family
      </h2>
      <img
        alt="Mother (or father) rhino with two babies"
        src="https://images.unsplash.com/photo-1512636618879-bbe79107e9e3?ixlib=rb-0.3.5&ixid=eyJhcHBfaWQiOjEyMDd9&s=bd9460ee6d1ddbb6b1ca7be86dfc4590&auto=format&fit=crop&w=1825&q=80"
      />
      <p>
        horns: 
        2
      </p>
    </li>
    <li
      className="item"
    >
      <em>
        category: 
        unicorn
      </em>
      <h2>
        Unicorn Head
      </h2>
      <img
        alt="Someone wearing a creepy unicorn head mask"
        src="https://www.dhresource.com/0x0s/f2-albu-g5-M00-1A-11-rBVaI1hsIIiALxKzAAIHjSU3VkE490.jpg/wholesale-halloween-costume-prop-unicorn.jpg"
      />
      <p>
        horns: 
        1
      </p>
    </li>
    <li
      className="item"
    >
      <em>
        category: 
        unilego
      </em>
      <h2>
        UniLego
      </h2>
      <img
        alt="Lego figurine dressed in a unicorn outfit"
        src="https://images.unsplash.com/photo-1518946222227-364f22132616?ixlib=rb-0.3.5&ixid=eyJhcHBfaWQiOjEyMDd9&s=4836a6fca62e7dce9324346bacfde085&auto=format&fit=crop&w=2534&q=80"
      />
      <p>
        horns: 
        1
      </p>
    </li>
    <li
      className="item"
    >
      <em>
        category: 
        narwhal
      </em>
      <h2>
        Basically a unicorn
      </h2>
      <img
        alt="A narwhal is basically a unicorn after all, right?"
        src="https://i.pinimg.com/736x/b4/61/06/b46106830b841017ea59870b27ec18dc--narwhals-a-unicorn.jpg"
      />
      <p>
        horns: 
        1
      </p>
    </li>
    <li
      className="item"
    >
      <em>
        category: 
        narwhal
      </em>
      <h2>
        #truth
      </h2>
      <img
        alt="The truth behind narwhals"
        src="https://i.pinimg.com/originals/16/cf/2a/16cf2a0b3fd51b9bee08bb6296193b75.jpg"
      />
      <p>
        horns: 
        1
      </p>
    </li>
    <li
      className="item"
    >
      <em>
        category: 
        rhino
      </em>
      <h2>
        Baby Rhino
      </h2>
      <img
        alt="This is actually a figurine but it looks kinda real"
        src="https://secure.img1-ag.wfcdn.com/im/17007094/resize-h800%5Ecompr-r85/3589/35892451/Baby+Rhino+Figurine.jpg"
      />
      <p>
        horns: 
        2
      </p>
    </li>
    <li
      className="item"
    >
      <em>
        category: 
        triceratops
      </em>
      <h2>
        Cera
      </h2>
      <img
        alt="Three horns but still, horns. And who doesn't like The Land Before Time?"
        src="https://vignette.wikia.nocookie.net/landbeforetime/images/c/c3/Cera_infobox.png/revision/latest?cb=20180422005003"
      />
      <p>
        horns: 
        3
      </p>
    </li>
    <li
      className="item"
    >
      <em>
        category: 
        narwhal
      </em>
      <h2>
        Narwhal costume
      </h2>
      <img
        alt="A woman wearing a blue narwhal costume"
        src="https://ae01.alicdn.com/kf/HTB18GwSQVXXXXaZaXXXq6xXFXXXh/Animal-Cosplay-Costume-Narwhal-Onesie-Mens-Womens-Cartoon-Whale-Pajamas.jpg"
      />
      <p>
        horns: 
        1
      </p>
    </li>
    <li
      className="item"
    >
      <em>
        category: 
        rhino
      </em>
      <h2>
        Rhino costume
      </h2>
      <img
        alt="Mascots have to get their costumes somewhere"
        src="https://www.shopmascot.com/image/cache/mascotnew/new196-800x800.jpg"
      />
      <p>
        horns: 
        2
      </p>
    </li>
    <li
      className="item"
    >
      <em>
        category: 
        unicorn
      </em>
      <h2>
        Believe
      </h2>
      <img
        alt="I believe in unicorns, do you?"
        src="https://www.tinselbox.com/wp-content/uploads/2018/03/I-BELIEVE-IN-UNICORNS-FREE-PRINTABLE-WATERCOLOR-7-of-1.jpg"
      />
      <p>
        horns: 
        1
      </p>
    </li>
    <li
      className="item"
    >
      <em>
        category: 
        markhor
      </em>
      <h2>
        Markhor
      </h2>
      <img
        alt="These wild goats eat snakes, then secrete a foam that locals fight over for the antivenom properties -- how cool is that?"
        src="https://upload.wikimedia.org/wikipedia/commons/thumb/3/38/Markhor_Schraubenziege_Capra_falconeri_Zoo_Augsburg-02.jpg/220px-Markhor_Schraubenziege_Capra_falconeri_Zoo_Augsburg-02.jpg"
      />
      <p>
        horns: 
        2
      </p>
    </li>
    <li
      className="item"
    >
      <em>
        category: 
        markhor
      </em>
      <h2>
        Baby markhor
      </h2>
      <img
        alt="Even the babies are adorable"
        src="http://www.zooborns.com/.a/6a010535647bf3970b0223c84d5959200c-800wi"
      />
      <p>
        horns: 
        2
      </p>
    </li>
    <li
      className="item"
    >
      <em>
        category: 
        mouflon
      </em>
      <h2>
        Mouflon
      </h2>
      <img
        alt="Those horns though"
        src="https://cdn.modernfarmer.com/wp-content/uploads/2014/08/28476658_9c97f35096_o.jpg"
      />
      <p>
        horns: 
        2
      </p>
    </li>
    <li
      className="item"
    >
      <em>
        category: 
        addax
      </em>
      <h2>
        Addax
      </h2>
      <img
        alt="This guy is basically extinct but survives well in captivity, so they're frequently found in zoos"
        src="https://cdn.modernfarmer.com/wp-content/uploads/2014/08/addax.jpg"
      />
      <p>
        horns: 
        2
      </p>
    </li>
    <li
      className="item"
    >
      <em>
        category: 
        mouflon
      </em>
      <h2>
        Baby mouflon
      </h2>
      <img
        alt="The cuteness that is a baby mouflon asleep"
        src="https://cbsnews3.cbsistatic.com/hub/i/r/2013/03/05/5b414225-a645-11e2-a3f0-029118418759/thumbnail/620x350/2d4cf24685b45c22912e64d2004fec8d/Baby_Mouflon_Wild_Sheep.jpg"
      />
      <p>
        horns: 
        2
      </p>
    </li>
    <li
      className="item"
    >
      <em>
        category: 
        chameleon
      </em>
      <h2>
        Happy Jackson's Chameleon
      </h2>
      <img
        alt="These are really common in Hawaii"
        src="https://cdn.modernfarmer.com/wp-content/uploads/2014/08/chameleon.jpg"
      />
      <p>
        horns: 
        2
      </p>
    </li>
    <li
      className="item"
    >
      <em>
        category: 
        chameleon
      </em>
      <h2>
        Serious Jackson's Chameleon
      </h2>
      <img
        alt="This one is very serious."
        src="https://imgc.allpostersimages.com/img/print/posters/dlillc-jackson-s-chameleon_a-G-13448768-14258384.jpg"
      />
      <p>
        horns: 
        3
      </p>
    </li>
    <li
      className="item"
    >
      <em>
        category: 
        lizard
      </em>
      <h2>
        Horned Lizard
      </h2>
      <img
        alt="Fave food: ants"
        src="https://www.nps.gov/band/learn/nature/images/short-horned-lizard-open-mouth-18.jpg?maxwidth=650&autorotate=false"
      />
      <p>
        horns: 
        100
      </p>
    </li>
    <li
      className="item"
    >
      <em>
        category: 
        dragon
      </em>
      <h2>
        Smaug
      </h2>
      <img
        alt="Fan illustration of Smaug from 'The Hobbit'"
        src="https://upload.wikimedia.org/wikipedia/commons/thumb/d/df/Smaug_par_David_Demaret.jpg/290px-Smaug_par_David_Demaret.jpg"
      />
      <p>
        horns: 
        100
      </p>
    </li>
  </ul>
</section>
`;
